mode: set
github.com/mitchfen/wiz-controller/internal/services/config.go:25.51,27.16 2 0
github.com/mitchfen/wiz-controller/internal/services/config.go:27.16,29.3 1 0
github.com/mitchfen/wiz-controller/internal/services/config.go:31.2,40.57 2 0
github.com/mitchfen/wiz-controller/internal/services/config.go:40.57,42.3 1 0
github.com/mitchfen/wiz-controller/internal/services/config.go:44.2,44.39 1 0
github.com/mitchfen/wiz-controller/internal/services/config.go:44.39,46.3 1 0
github.com/mitchfen/wiz-controller/internal/services/config.go:48.2,53.28 4 0
github.com/mitchfen/wiz-controller/internal/services/config.go:53.28,55.24 2 0
github.com/mitchfen/wiz-controller/internal/services/config.go:55.24,57.4 1 0
github.com/mitchfen/wiz-controller/internal/services/config.go:61.2,61.29 1 0
github.com/mitchfen/wiz-controller/internal/services/config.go:61.29,63.25 2 0
github.com/mitchfen/wiz-controller/internal/services/config.go:63.25,65.4 1 0
github.com/mitchfen/wiz-controller/internal/services/config.go:68.2,69.21 2 0
github.com/mitchfen/wiz-controller/internal/services/config.go:69.21,71.3 1 0
github.com/mitchfen/wiz-controller/internal/services/config.go:73.2,73.73 1 0
github.com/mitchfen/wiz-controller/internal/services/wiz.go:27.34,29.2 1 0
github.com/mitchfen/wiz-controller/internal/services/wiz.go:32.50,34.2 1 1
github.com/mitchfen/wiz-controller/internal/services/wiz.go:37.91,39.16 2 1
github.com/mitchfen/wiz-controller/internal/services/wiz.go:39.16,41.3 1 0
github.com/mitchfen/wiz-controller/internal/services/wiz.go:43.2,44.53 2 1
github.com/mitchfen/wiz-controller/internal/services/wiz.go:44.53,45.18 1 1
github.com/mitchfen/wiz-controller/internal/services/wiz.go:45.18,47.4 1 0
github.com/mitchfen/wiz-controller/internal/services/wiz.go:49.3,53.17 2 1
github.com/mitchfen/wiz-controller/internal/services/wiz.go:53.17,55.12 2 0
github.com/mitchfen/wiz-controller/internal/services/wiz.go:58.3,58.80 1 1
github.com/mitchfen/wiz-controller/internal/services/wiz.go:58.80,61.12 3 0
github.com/mitchfen/wiz-controller/internal/services/wiz.go:64.3,66.17 3 1
github.com/mitchfen/wiz-controller/internal/services/wiz.go:66.17,68.12 2 0
github.com/mitchfen/wiz-controller/internal/services/wiz.go:72.3,72.13 1 1
github.com/mitchfen/wiz-controller/internal/services/wiz.go:76.2,76.20 1 0
github.com/mitchfen/wiz-controller/internal/services/wiz.go:76.20,78.3 1 0
github.com/mitchfen/wiz-controller/internal/services/wiz.go:79.2,79.77 1 0
github.com/mitchfen/wiz-controller/internal/services/wiz.go:82.68,89.16 3 1
github.com/mitchfen/wiz-controller/internal/services/wiz.go:89.16,91.3 1 0
github.com/mitchfen/wiz-controller/internal/services/wiz.go:93.2,97.16 2 1
github.com/mitchfen/wiz-controller/internal/services/wiz.go:97.16,99.3 1 0
github.com/mitchfen/wiz-controller/internal/services/wiz.go:100.2,102.78 2 1
github.com/mitchfen/wiz-controller/internal/services/wiz.go:102.78,104.3 1 0
github.com/mitchfen/wiz-controller/internal/services/wiz.go:106.2,107.16 2 1
github.com/mitchfen/wiz-controller/internal/services/wiz.go:107.16,109.3 1 0
github.com/mitchfen/wiz-controller/internal/services/wiz.go:111.2,113.16 3 1
github.com/mitchfen/wiz-controller/internal/services/wiz.go:113.16,115.3 1 0
github.com/mitchfen/wiz-controller/internal/services/wiz.go:117.2,120.59 2 1
github.com/mitchfen/wiz-controller/internal/services/wiz.go:120.59,122.3 1 0
github.com/mitchfen/wiz-controller/internal/services/wiz.go:124.2,124.27 1 1
github.com/mitchfen/wiz-controller/internal/services/wiz.go:124.27,126.3 1 0
github.com/mitchfen/wiz-controller/internal/services/wiz.go:128.2,128.30 1 1
github.com/mitchfen/wiz-controller/internal/services/wiz.go:131.65,137.2 2 1
github.com/mitchfen/wiz-controller/internal/services/wiz.go:139.61,145.2 2 1
github.com/mitchfen/wiz-controller/internal/services/wiz.go:147.69,156.2 2 1
github.com/mitchfen/wiz-controller/internal/services/wiz.go:158.59,169.2 2 1
